App.tsx(80,26): error TS2339: Property 'hasCameraPermission' does not exist on type 'LocationContextType'.
App.tsx(80,97): error TS2339: Property 'checkCameraPermission' does not exist on type 'LocationContextType'.
App.tsx(267,58): error TS2322: Type '{ onNavigate: (screen: Screen) => void; onBack: () => void; }' is not assignable to type 'IntrinsicAttributes & WithdrawFiatProps'.
  Property 'onBack' does not exist on type 'IntrinsicAttributes & WithdrawFiatProps'.
components/Crypto.tsx(465,27): error TS2322: Type '(value: any, name: string) => [string, "Hoje"] | [string, "5 dias atr├ís"] | [string, ""]' is not assignable to type 'Formatter<any, string> & ((value: any, name: string, item: Payload<any, string>, index: number, payload: Payload<any, string>[]) => ReactNode | [...])'.
  Type '(value: any, name: string) => [string, "Hoje"] | [string, "5 dias atr├ís"] | [string, ""]' is not assignable to type 'Formatter<any, string>'.
    Types of parameters 'name' and 'name' are incompatible.
      Type 'string | undefined' is not assignable to type 'string'.
        Type 'undefined' is not assignable to type 'string'.
components/FiatAccountsCarousel.tsx(8,15): error TS2459: Module '"./AccountData"' declares 'BankAccount' locally, but it is not exported.
components/FiatAddFunds.tsx(262,47): error TS2345: Argument of type 'string | undefined' is not assignable to parameter of type 'string'.
  Type 'undefined' is not assignable to type 'string'.
components/Login.tsx(39,24): error TS2304: Cannot find name 'Language'.
components/Login.tsx(40,24): error TS2304: Cannot find name 'Language'.
components/Login.tsx(41,21): error TS2304: Cannot find name 'Language'.
components/NewHome.tsx(435,28): error TS2339: Property 'displayName' does not exist on type 'UserData'.
components/NewProfile.tsx(70,36): error TS2339: Property 'appPreferences' does not exist on type '{ countries: { BR: string; US: string; PT: string; ES: string; FR: string; DE: string; IT: string; GB: string; NL: string; BE: string; CH: string; AT: string; CA: string; AU: string; MX: string; AR: string; CL: string; CO: string; }; ... 270 more ...; downloadApp: { ...; }; }'.
components/NewProfile.tsx(70,77): error TS2345: Argument of type '"appPreferences"' is not assignable to parameter of type 'Screen'.
components/PixKeyManager.tsx(107,7): error TS2538: Type 'null' cannot be used as an index type.
components/PixKeys.tsx(19,31): error TS2339: Property 'addPixKey' does not exist on type '{ pixKeys: PixKey[]; isLoading: boolean; }'.
components/PixKeys.tsx(19,42): error TS2339: Property 'deletePixKey' does not exist on type '{ pixKeys: PixKey[]; isLoading: boolean; }'.
components/Profile.tsx(154,15): error TS2694: Namespace '"C:/Users/Marcelo/Documents/nexcoin/node_modules/lucide-react/dist/lucide-react"' has no exported member 'ReactNode'.
components/PushSettings.tsx(169,43): error TS2339: Property 'disabled' does not exist on type '{ icon: ForwardRefExoticComponent<Omit<LucideProps, "ref"> & RefAttributes<SVGSVGElement>>; ... 4 more ...; main: boolean; } | { ...; } | { ...; }'.
  Property 'disabled' does not exist on type '{ icon: ForwardRefExoticComponent<Omit<LucideProps, "ref"> & RefAttributes<SVGSVGElement>>; ... 4 more ...; main: boolean; }'.
components/PushSettings.tsx(174,54): error TS2339: Property 'nested' does not exist on type '{ icon: ForwardRefExoticComponent<Omit<LucideProps, "ref"> & RefAttributes<SVGSVGElement>>; ... 4 more ...; main: boolean; } | { ...; } | { ...; }'.
  Property 'nested' does not exist on type '{ icon: ForwardRefExoticComponent<Omit<LucideProps, "ref"> & RefAttributes<SVGSVGElement>>; ... 4 more ...; main: boolean; }'.
components/ui/accordion.tsx(4,37): error TS2307: Cannot find module '@radix-ui/react-accordion@1.2.3' or its corresponding type declarations.
components/ui/accordion.tsx(5,33): error TS2307: Cannot find module 'lucide-react@0.487.0' or its corresponding type declarations.
components/ui/alert-dialog.tsx(4,39): error TS2307: Cannot find module '@radix-ui/react-alert-dialog@1.1.6' or its corresponding type declarations.
components/ui/alert.tsx(2,40): error TS2307: Cannot find module 'class-variance-authority@0.7.1' or its corresponding type declarations.
components/ui/aspect-ratio.tsx(3,39): error TS2307: Cannot find module '@radix-ui/react-aspect-ratio@1.1.2' or its corresponding type declarations.
components/ui/avatar.tsx(4,34): error TS2307: Cannot find module '@radix-ui/react-avatar@1.1.3' or its corresponding type declarations.
components/ui/badge.tsx(2,22): error TS2307: Cannot find module '@radix-ui/react-slot@1.1.2' or its corresponding type declarations.
components/ui/badge.tsx(3,40): error TS2307: Cannot find module 'class-variance-authority@0.7.1' or its corresponding type declarations.
components/ui/breadcrumb.tsx(2,22): error TS2307: Cannot find module '@radix-ui/react-slot@1.1.2' or its corresponding type declarations.
components/ui/breadcrumb.tsx(3,46): error TS2307: Cannot find module 'lucide-react@0.487.0' or its corresponding type declarations.
components/ui/button.tsx(2,22): error TS2307: Cannot find module '@radix-ui/react-slot@1.1.2' or its corresponding type declarations.
components/ui/button.tsx(3,40): error TS2307: Cannot find module 'class-variance-authority@0.7.1' or its corresponding type declarations.
components/ui/calendar.tsx(4,43): error TS2307: Cannot find module 'lucide-react@0.487.0' or its corresponding type declarations.
components/ui/calendar.tsx(5,27): error TS2307: Cannot find module 'react-day-picker@8.10.1' or its corresponding type declarations.
components/ui/calendar.tsx(63,22): error TS7031: Binding element 'className' implicitly has an 'any' type.
components/ui/calendar.tsx(66,23): error TS7031: Binding element 'className' implicitly has an 'any' type.
components/ui/carousel.tsx(6,8): error TS2307: Cannot find module 'embla-carousel-react@8.6.0' or its corresponding type declarations.
components/ui/carousel.tsx(7,39): error TS2307: Cannot find module 'lucide-react@0.487.0' or its corresponding type declarations.
components/ui/chart.tsx(4,36): error TS2307: Cannot find module 'recharts@2.15.2' or its corresponding type declarations.
components/ui/chart.tsx(182,23): error TS7006: Parameter 'item' implicitly has an 'any' type.
components/ui/chart.tsx(182,29): error TS7006: Parameter 'index' implicitly has an 'any' type.
components/ui/chart.tsx(278,21): error TS7006: Parameter 'item' implicitly has an 'any' type.
components/ui/checkbox.tsx(4,36): error TS2307: Cannot find module '@radix-ui/react-checkbox@1.1.4' or its corresponding type declarations.
components/ui/checkbox.tsx(5,27): error TS2307: Cannot find module 'lucide-react@0.487.0' or its corresponding type declarations.
components/ui/collapsible.tsx(3,39): error TS2307: Cannot find module '@radix-ui/react-collapsible@1.1.3' or its corresponding type declarations.
components/ui/command.tsx(4,45): error TS2307: Cannot find module 'cmdk@1.1.1' or its corresponding type declarations.
components/ui/command.tsx(5,28): error TS2307: Cannot find module 'lucide-react@0.487.0' or its corresponding type declarations.
components/ui/context-menu.tsx(4,39): error TS2307: Cannot find module '@radix-ui/react-context-menu@2.2.6' or its corresponding type declarations.
components/ui/context-menu.tsx(5,57): error TS2307: Cannot find module 'lucide-react@0.487.0' or its corresponding type declarations.
components/ui/dialog.tsx(4,34): error TS2307: Cannot find module '@radix-ui/react-dialog@1.1.6' or its corresponding type declarations.
components/ui/dialog.tsx(5,23): error TS2307: Cannot find module 'lucide-react@0.487.0' or its corresponding type declarations.
components/ui/drawer.tsx(4,43): error TS2307: Cannot find module 'vaul@1.1.2' or its corresponding type declarations.
components/ui/dropdown-menu.tsx(4,40): error TS2307: Cannot find module '@radix-ui/react-dropdown-menu@2.1.6' or its corresponding type declarations.
components/ui/dropdown-menu.tsx(5,57): error TS2307: Cannot find module 'lucide-react@0.487.0' or its corresponding type declarations.
components/ui/form.tsx(4,33): error TS2307: Cannot find module '@radix-ui/react-label@2.1.2' or its corresponding type declarations.
components/ui/form.tsx(5,22): error TS2307: Cannot find module '@radix-ui/react-slot@1.1.2' or its corresponding type declarations.
components/ui/form.tsx(14,8): error TS2307: Cannot find module 'react-hook-form@7.55.0' or its corresponding type declarations.
components/ui/hover-card.tsx(4,37): error TS2307: Cannot find module '@radix-ui/react-hover-card@1.1.6' or its corresponding type declarations.
components/ui/input-otp.tsx(4,43): error TS2307: Cannot find module 'input-otp@1.4.2' or its corresponding type declarations.
components/ui/input-otp.tsx(5,27): error TS2307: Cannot find module 'lucide-react@0.487.0' or its corresponding type declarations.
components/ui/input-otp.tsx(47,61): error TS2339: Property 'slots' does not exist on type '{}'.
components/ui/label.tsx(4,33): error TS2307: Cannot find module '@radix-ui/react-label@2.1.2' or its corresponding type declarations.
components/ui/menubar.tsx(4,35): error TS2307: Cannot find module '@radix-ui/react-menubar@1.1.6' or its corresponding type declarations.
components/ui/menubar.tsx(5,57): error TS2307: Cannot find module 'lucide-react@0.487.0' or its corresponding type declarations.
components/ui/navigation-menu.tsx(2,42): error TS2307: Cannot find module '@radix-ui/react-navigation-menu@1.2.5' or its corresponding type declarations.
components/ui/navigation-menu.tsx(3,21): error TS2307: Cannot find module 'class-variance-authority@0.7.1' or its corresponding type declarations.
components/ui/navigation-menu.tsx(4,33): error TS2307: Cannot find module 'lucide-react@0.487.0' or its corresponding type declarations.
components/ui/pagination.tsx(6,8): error TS2307: Cannot find module 'lucide-react@0.487.0' or its corresponding type declarations.
components/ui/pagination.tsx(75,7): error TS2783: 'size' is specified more than once, so this usage will be overwritten.
components/ui/pagination.tsx(92,7): error TS2783: 'size' is specified more than once, so this usage will be overwritten.
components/ui/popover.tsx(4,35): error TS2307: Cannot find module '@radix-ui/react-popover@1.1.6' or its corresponding type declarations.
components/ui/progress.tsx(4,36): error TS2307: Cannot find module '@radix-ui/react-progress@1.1.2' or its corresponding type declarations.
components/ui/radio-group.tsx(4,38): error TS2307: Cannot find module '@radix-ui/react-radio-group@1.2.3' or its corresponding type declarations.
components/ui/radio-group.tsx(5,28): error TS2307: Cannot find module 'lucide-react@0.487.0' or its corresponding type declarations.
components/ui/resizable.tsx(4,34): error TS2307: Cannot find module 'lucide-react@0.487.0' or its corresponding type declarations.
components/ui/resizable.tsx(5,37): error TS2307: Cannot find module 'react-resizable-panels@2.1.7' or its corresponding type declarations.
components/ui/scroll-area.tsx(4,38): error TS2307: Cannot find module '@radix-ui/react-scroll-area@1.2.3' or its corresponding type declarations.
components/ui/select.tsx(4,34): error TS2307: Cannot find module '@radix-ui/react-select@2.1.6' or its corresponding type declarations.
components/ui/select.tsx(9,8): error TS2307: Cannot find module 'lucide-react@0.487.0' or its corresponding type declarations.
components/ui/separator.tsx(4,37): error TS2307: Cannot find module '@radix-ui/react-separator@1.1.2' or its corresponding type declarations.
components/ui/sheet.tsx(4,33): error TS2307: Cannot find module '@radix-ui/react-dialog@1.1.6' or its corresponding type declarations.
components/ui/sheet.tsx(5,23): error TS2307: Cannot find module 'lucide-react@0.487.0' or its corresponding type declarations.
components/ui/sidebar.tsx(4,22): error TS2307: Cannot find module '@radix-ui/react-slot@1.1.2' or its corresponding type declarations.
components/ui/sidebar.tsx(5,35): error TS2307: Cannot find module 'class-variance-authority@0.7.1' or its corresponding type declarations.
components/ui/sidebar.tsx(6,31): error TS2307: Cannot find module 'lucide-react@0.487.0' or its corresponding type declarations.
components/ui/sidebar.tsx(270,17): error TS7006: Parameter 'event' implicitly has an 'any' type.
components/ui/slider.tsx(4,34): error TS2307: Cannot find module '@radix-ui/react-slider@1.2.3' or its corresponding type declarations.
components/ui/sonner.tsx(3,26): error TS2307: Cannot find module 'next-themes@0.4.6' or its corresponding type declarations.
components/ui/switch.tsx(4,34): error TS2307: Cannot find module '@radix-ui/react-switch@1.1.3' or its corresponding type declarations.
components/ui/tabs.tsx(4,32): error TS2307: Cannot find module '@radix-ui/react-tabs@1.1.3' or its corresponding type declarations.
components/ui/toggle-group.tsx(4,39): error TS2307: Cannot find module '@radix-ui/react-toggle-group@1.1.2' or its corresponding type declarations.
components/ui/toggle-group.tsx(5,35): error TS2307: Cannot find module 'class-variance-authority@0.7.1' or its corresponding type declarations.
components/ui/toggle.tsx(4,34): error TS2307: Cannot find module '@radix-ui/react-toggle@1.1.2' or its corresponding type declarations.
components/ui/toggle.tsx(5,40): error TS2307: Cannot find module 'class-variance-authority@0.7.1' or its corresponding type declarations.
components/ui/tooltip.tsx(4,35): error TS2307: Cannot find module '@radix-ui/react-tooltip@1.1.8' or its corresponding type declarations.
components/Wallet.tsx(199,102): error TS2322: Type 'string | undefined' is not assignable to type 'string'.
  Type 'undefined' is not assignable to type 'string'.
components/Wallet.tsx(256,104): error TS2322: Type 'string | undefined' is not assignable to type 'string'.
  Type 'undefined' is not assignable to type 'string'.
components/WithdrawAddress.tsx(103,51): error TS2339: Property 'userId' does not exist on type '{ isValid: boolean; userName: string | null; error?: string | undefined; }'.
components/WithdrawAddress.tsx(120,33): error TS2339: Property 'userId' does not exist on type '{ isValid: boolean; userName: string | null; error?: string | undefined; }'.
components/WithdrawFiat.tsx(38,11): error TS2339: Property 'fiatBalances' does not exist on type '{ balances: FiatBalance[]; isLoading: boolean; hasPermissionError: boolean; getBalance: (currency: string) => number; hasEnoughBalance: (currency: string, requiredAmount: number) => boolean; }'.
hooks/useAutoMigration.ts(5,23): error TS2307: Cannot find module 'sonner@2.0.3' or its corresponding type declarations.
hooks/useFiatBalances.ts(36,27): error TS7006: Parameter 'doc' implicitly has an 'any' type.
hooks/usePermissionsRequest.ts(30,25): error TS2339: Property 'userId' does not exist on type 'UserData'.
hooks/usePermissionsRequest.ts(31,39): error TS2339: Property 'permissionsRequested' does not exist on type 'UserData'.
hooks/usePermissionsRequest.ts(57,18): error TS2339: Property 'permissionsRequested' does not exist on type 'UserData'.
hooks/usePermissionsRequest.ts(150,23): error TS2339: Property 'userId' does not exist on type 'UserData'.
hooks/usePermissionsRequest.ts(152,55): error TS2339: Property 'userId' does not exist on type 'UserData'.
hooks/useTransactions.ts(79,52): error TS7006: Parameter 'doc' implicitly has an 'any' type.
hooks/useTransactions.ts(117,59): error TS7006: Parameter 'a' implicitly has an 'any' type.
hooks/useTransactions.ts(117,62): error TS7006: Parameter 'b' implicitly has an 'any' type.
lib/firestoreListenerUtils.ts(32,9): error TS2769: No overload matches this call.
  The last overload gave the following error.
    Argument of type 'Query<T, DocumentData> | DocumentReference<T, DocumentData>' is not assignable to parameter of type 'Query<T, DocumentData>'.
      Type 'DocumentReference<T, DocumentData>' is not assignable to type 'Query<T, DocumentData>'.
        Types of property 'type' are incompatible.
          Type '"document"' is not assignable to type '"query" | "collection"'.
lib/firestoreListenerUtils.ts(33,10): error TS7006: Parameter 'snapshot' implicitly has an 'any' type.
