components/NewProfile.tsx(128,58): error TS2339: Property 'danger' does not exist on type '{ icon: ForwardRefExoticComponent<Omit<LucideProps, "ref"> & RefAttributes<SVGSVGElement>>; label: "Informa├º├Áes pessoais"; action: () => void; } | ... 7 more ... | { ...; }'.
  Property 'danger' does not exist on type '{ icon: ForwardRefExoticComponent<Omit<LucideProps, "ref"> & RefAttributes<SVGSVGElement>>; label: "Informa├º├Áes pessoais"; action: () => void; }'.
components/NewProfile.tsx(129,47): error TS2339: Property 'danger' does not exist on type '{ icon: ForwardRefExoticComponent<Omit<LucideProps, "ref"> & RefAttributes<SVGSVGElement>>; label: "Informa├º├Áes pessoais"; action: () => void; } | ... 7 more ... | { ...; }'.
  Property 'danger' does not exist on type '{ icon: ForwardRefExoticComponent<Omit<LucideProps, "ref"> & RefAttributes<SVGSVGElement>>; label: "Informa├º├Áes pessoais"; action: () => void; }'.
